Archive member included because of file (symbol)

../library/liblib.a(writeconsolechar.o)
                              task1.o (WriteConsoleChar)
../library/liblib.a(writeconsolestring.o)
                              task1.o (WriteConsoleString)
../library/liblib.a(consoleclrscr.o)
                              task1.o (ConsoleClrScr)
../library/liblib.a(getchar.o)
                              task1.o (getchar)
../library/liblib.a(getdirectory.o)
                              task1.o (GetDirectory)
../library/libsyscalls.a(syscalls.o)
                              ../library/liblib.a(writeconsolechar.o) (sys_SendMessage)
../library/libsyscalls.a(allocmem.o)
                              ../library/liblib.a(writeconsolechar.o) (sys_AllocMem)
../library/libsyscalls.a(allocsharedmem.o)
                              ../library/liblib.a(writeconsolestring.o) (sys_AllocSharedMem)
../library/libsyscalls.a(deallocmem.o)
                              ../library/liblib.a(writeconsolechar.o) (sys_DeallocMem)

Allocating common symbols
Common symbol       size              file

DataStart           0x8               ../library/liblib.a(getdirectory.o)
SectorsPerCluster   0x1               ../library/liblib.a(getdirectory.o)
FATLength           0x8               ../library/liblib.a(getdirectory.o)
FirstFAT            0x8               ../library/liblib.a(getdirectory.o)
DiskBuffer          0x8               task1.o
RootDirectoryEntries
                    0x2               ../library/liblib.a(getdirectory.o)
FAT                 0x8               task1.o
RootDir             0x8               ../library/liblib.a(getdirectory.o)
BytesPerSector      0x2               ../library/liblib.a(getdirectory.o)

Memory Configuration

Name             Origin             Length             Attributes
*default*        0x0000000000000000 0xffffffffffffffff

Linker script and memory map

LOAD inittask.o

.text           0x0000000000300000      0x5fa
                0x0000000000300014                phys = _start
 *(.text)
 .text          0x0000000000300000       0x19 inittask.o
                0x0000000000300014                _start
 *fill*         0x0000000000300019        0x3 00
 .text          0x000000000030001c      0x31c task1.o
                0x000000000030001c                main
 .text          0x0000000000300338       0x62 ../library/liblib.a(writeconsolechar.o)
                0x0000000000300338                WriteConsoleChar
 *fill*         0x000000000030039a        0x2 00
 .text          0x000000000030039c       0x80 ../library/liblib.a(writeconsolestring.o)
                0x000000000030039c                WriteConsoleString
 .text          0x000000000030041c       0x46 ../library/liblib.a(consoleclrscr.o)
                0x000000000030041c                ConsoleClrScr
 *fill*         0x0000000000300462        0x2 00
 .text          0x0000000000300464       0x5e ../library/liblib.a(getchar.o)
                0x0000000000300464                getchar
 *fill*         0x00000000003004c2        0x2 00
 .text          0x00000000003004c4       0x6e ../library/liblib.a(getdirectory.o)
                0x00000000003004c4                GetDirectory
 *fill*         0x0000000000300532        0x2 00
 .text          0x0000000000300534       0xa4 ../library/libsyscalls.a(syscalls.o)
                0x0000000000300534                sys_ReceiveMessage
                0x000000000030053e                sys_SendMessage
                0x0000000000300548                sys_SendReceive
                0x0000000000300552                sys_WriteDouble
                0x0000000000300568                sys_WriteString
                0x000000000030057e                sys_AllocMessagePort
                0x0000000000300588                sys_GetCurrentConsole
                0x0000000000300592                sys_GetCurrentDirectory
                0x000000000030059c                sys_SetCurrentDirectory
                0x00000000003005a6                Sys_Open
                0x00000000003005b0                Sys_Close
                0x00000000003005ba                Sys_Fork
                0x00000000003005c4                Sys_Execve
                0x00000000003005ce                Sys_Wait
 .text          0x00000000003005d8        0xa ../library/libsyscalls.a(allocmem.o)
                0x00000000003005d8                sys_AllocMem
 *fill*         0x00000000003005e2        0x2 00
 .text          0x00000000003005e4        0xa ../library/libsyscalls.a(allocsharedmem.o)
                0x00000000003005e4                sys_AllocSharedMem
 *fill*         0x00000000003005ee        0x2 00
 .text          0x00000000003005f0        0xa ../library/libsyscalls.a(deallocmem.o)
                0x00000000003005f0                sys_DeallocMem
                0x00000000000005e6                CodeLength = (. - phys)

.data           0x0000000000310000       0x47 load address 0x00000000003005fa
 *(.data)
 .data          0x0000000000310000        0x0 inittask.o
 .data          0x0000000000310000        0x0 task1.o
 .data          0x0000000000310000        0x0 ../library/liblib.a(writeconsolechar.o)
 .data          0x0000000000310000        0x0 ../library/liblib.a(writeconsolestring.o)
 .data          0x0000000000310000        0x0 ../library/liblib.a(consoleclrscr.o)
 .data          0x0000000000310000        0x0 ../library/liblib.a(getchar.o)
 .data          0x0000000000310000        0x0 ../library/liblib.a(getdirectory.o)
 .data          0x0000000000310000        0x0 ../library/libsyscalls.a(syscalls.o)
 .data          0x0000000000310000        0x0 ../library/libsyscalls.a(allocmem.o)
 .data          0x0000000000310000        0x0 ../library/libsyscalls.a(allocsharedmem.o)
 .data          0x0000000000310000        0x0 ../library/libsyscalls.a(deallocmem.o)
 *(.rodata*)
 .rodata.str1.1
                0x0000000000310000        0x4 inittask.o
 .rodata        0x0000000000310004       0x43 task1.o
                0x0000000000000047                DataLength = SIZEOF (.data)

.eh_frame       0x0000000000310048      0x170 load address 0x0000000000300648
 *(.eh_frame)
 .eh_frame      0x0000000000310048       0x38 task1.o
 .eh_frame      0x0000000000310080       0x38 ../library/liblib.a(writeconsolechar.o)
 .eh_frame      0x00000000003100b8       0x48 ../library/liblib.a(writeconsolestring.o)
 .eh_frame      0x0000000000310100       0x38 ../library/liblib.a(consoleclrscr.o)
 .eh_frame      0x0000000000310138       0x38 ../library/liblib.a(getchar.o)
 .eh_frame      0x0000000000310170       0x48 ../library/liblib.a(getdirectory.o)
LOAD task1.o
LOAD ../library/liblib.a
LOAD ../library/libsyscalls.a
OUTPUT(TASK1 binary)

.bss            0x00000000003101b8       0x44 load address 0x00000000003007b8
 .bss           0x00000000003101b8        0x0 inittask.o
 .bss           0x00000000003101b8        0x0 task1.o
 COMMON         0x00000000003101b8       0x10 task1.o
                0x00000000003101b8                DiskBuffer
                0x00000000003101c0                FAT
 .bss           0x00000000003101c8        0x0 ../library/liblib.a(writeconsolechar.o)
 .bss           0x00000000003101c8        0x0 ../library/liblib.a(writeconsolestring.o)
 .bss           0x00000000003101c8        0x0 ../library/liblib.a(consoleclrscr.o)
 .bss           0x00000000003101c8        0x0 ../library/liblib.a(getchar.o)
 .bss           0x00000000003101c8        0x0 ../library/liblib.a(getdirectory.o)
 COMMON         0x00000000003101c8       0x32 ../library/liblib.a(getdirectory.o)
                0x00000000003101c8                DataStart
                0x00000000003101d0                SectorsPerCluster
                0x00000000003101d8                FATLength
                0x00000000003101e0                FirstFAT
                0x00000000003101e8                RootDirectoryEntries
                0x00000000003101f0                RootDir
                0x00000000003101f8                BytesPerSector
 *fill*         0x00000000003101fa        0x2 00
 .bss           0x00000000003101fc        0x0 ../library/libsyscalls.a(syscalls.o)
 .bss           0x00000000003101fc        0x0 ../library/libsyscalls.a(allocmem.o)
 .bss           0x00000000003101fc        0x0 ../library/libsyscalls.a(allocsharedmem.o)
 .bss           0x00000000003101fc        0x0 ../library/libsyscalls.a(deallocmem.o)

.debug_info     0x0000000000000000      0xc40
 .debug_info    0x0000000000000000      0x28e task1.o
 .debug_info    0x000000000000028e      0x1a9 ../library/liblib.a(writeconsolechar.o)
 .debug_info    0x0000000000000437      0x211 ../library/liblib.a(writeconsolestring.o)
 .debug_info    0x0000000000000648      0x19c ../library/liblib.a(consoleclrscr.o)
 .debug_info    0x00000000000007e4      0x1ad ../library/liblib.a(getchar.o)
 .debug_info    0x0000000000000991      0x2af ../library/liblib.a(getdirectory.o)

.debug_abbrev   0x0000000000000000      0x69e
 .debug_abbrev  0x0000000000000000      0x112 task1.o
 .debug_abbrev  0x0000000000000112      0x11d ../library/liblib.a(writeconsolechar.o)
 .debug_abbrev  0x000000000000022f      0x11d ../library/liblib.a(writeconsolestring.o)
 .debug_abbrev  0x000000000000034c      0x10c ../library/liblib.a(consoleclrscr.o)
 .debug_abbrev  0x0000000000000458      0x11d ../library/liblib.a(getchar.o)
 .debug_abbrev  0x0000000000000575      0x129 ../library/liblib.a(getdirectory.o)

.debug_aranges  0x0000000000000000      0x120
 .debug_aranges
                0x0000000000000000       0x30 task1.o
 .debug_aranges
                0x0000000000000030       0x30 ../library/liblib.a(writeconsolechar.o)
 .debug_aranges
                0x0000000000000060       0x30 ../library/liblib.a(writeconsolestring.o)
 .debug_aranges
                0x0000000000000090       0x30 ../library/liblib.a(consoleclrscr.o)
 .debug_aranges
                0x00000000000000c0       0x30 ../library/liblib.a(getchar.o)
 .debug_aranges
                0x00000000000000f0       0x30 ../library/liblib.a(getdirectory.o)

.debug_ranges   0x0000000000000000       0x30
 .debug_ranges  0x0000000000000000       0x30 task1.o

.debug_line     0x0000000000000000      0x3a6
 .debug_line    0x0000000000000000      0x10b task1.o
 .debug_line    0x000000000000010b       0x80 ../library/liblib.a(writeconsolechar.o)
 .debug_line    0x000000000000018b       0x8a ../library/liblib.a(writeconsolestring.o)
 .debug_line    0x0000000000000215       0x7d ../library/liblib.a(consoleclrscr.o)
 .debug_line    0x0000000000000292       0x76 ../library/liblib.a(getchar.o)
 .debug_line    0x0000000000000308       0x9e ../library/liblib.a(getdirectory.o)

.debug_str      0x0000000000000000      0x9aa
 .debug_str     0x0000000000000000      0x1b5 task1.o
 .debug_str     0x00000000000001b5      0x182 ../library/liblib.a(writeconsolechar.o)
 .debug_str     0x0000000000000337      0x199 ../library/liblib.a(writeconsolestring.o)
 .debug_str     0x00000000000004d0      0x17c ../library/liblib.a(consoleclrscr.o)
 .debug_str     0x000000000000064c      0x177 ../library/liblib.a(getchar.o)
 .debug_str     0x00000000000007c3      0x1e7 ../library/liblib.a(getdirectory.o)

.comment        0x0000000000000000      0x10e
 .comment       0x0000000000000000       0x2d task1.o
 .comment       0x000000000000002d       0x2d ../library/liblib.a(writeconsolechar.o)
 .comment       0x000000000000005a       0x2d ../library/liblib.a(writeconsolestring.o)
 .comment       0x0000000000000087       0x2d ../library/liblib.a(consoleclrscr.o)
 .comment       0x00000000000000b4       0x2d ../library/liblib.a(getchar.o)
 .comment       0x00000000000000e1       0x2d ../library/liblib.a(getdirectory.o)

.note.GNU-stack
                0x0000000000000000        0x0
 .note.GNU-stack
                0x0000000000000000        0x0 task1.o
 .note.GNU-stack
                0x0000000000000000        0x0 ../library/liblib.a(writeconsolechar.o)
 .note.GNU-stack
                0x0000000000000000        0x0 ../library/liblib.a(writeconsolestring.o)
 .note.GNU-stack
                0x0000000000000000        0x0 ../library/liblib.a(consoleclrscr.o)
 .note.GNU-stack
                0x0000000000000000        0x0 ../library/liblib.a(getchar.o)
 .note.GNU-stack
                0x0000000000000000        0x0 ../library/liblib.a(getdirectory.o)

.debug_loc      0x0000000000000000      0x30e
 .debug_loc     0x0000000000000000       0x82 ../library/liblib.a(writeconsolechar.o)
 .debug_loc     0x0000000000000082       0xeb ../library/liblib.a(writeconsolestring.o)
 .debug_loc     0x000000000000016d       0x36 ../library/liblib.a(consoleclrscr.o)
 .debug_loc     0x00000000000001a3       0x80 ../library/liblib.a(getchar.o)
 .debug_loc     0x0000000000000223       0xeb ../library/liblib.a(getdirectory.o)
